../Core/Src/main.c:75:5:main	8	static
../Core/Src/main.c:125:6:SystemClock_Config	88	static
../Core/Src/main.c:171:13:MX_CAN1_Init	48	static
../Core/Src/main.c:234:6:Send_CAN_Message	48	static
../Core/Src/main.c:251:6:Receive_CAN_Message	48	static
../Core/Src/main.c:275:13:MX_I2C1_Init	8	static
../Core/Src/main.c:309:13:MX_I2S3_Init	8	static
../Core/Src/main.c:343:13:MX_SPI1_Init	8	static
../Core/Src/main.c:381:13:MX_GPIO_Init	56	static
../Core/Src/main.c:480:6:Error_Handler	8	static,ignoring_inline_asm
